[backblue.gif]
[fade.gif]
[index.html]
[diia.site/rezerv/rezervvvassets/favicon.png]
[diia.site/rezerv/rezervvvassets/anime.js]
[cdn.jsdelivr.net/npm/swiper@11/swiper-bundle.min.css]
[cdnjs.cloudflare.com/ajax/libs/bodymovin/5.7.6/lottie.min.js]
[cdn.jsdelivr.net/npm/swiper@11/swiper-bundle.min.js]
[cdnjs.cloudflare.com/ajax/libs/three.js/r128/three.min.js]
[diia.site/rezerv/rezervvvassets/minOboronaMain.jpg]
[diia.site/rezerv/rezervvvassets/fullInfoIcon.png]
[diia.site/rezerv/rezervvvassets/pdfIcon.png]
[diia.site/rezerv/rezervvvassets/reverseIcon.png]
[diia.site/rezerv/rezervvvassets/achtungIcon.png]
[diia.site/rezerv/rezervvvassets/document.png]
[diia.site/rezerv/rezervvvassets/vitag.png]
[diia.site/rezerv/rezervvvassets/star.png]
[diia.site/rezerv/rezervvvassets/exchange.png]
[diia.site/rezerv/rezervvvassets/question.png]
[diia.site/rezerv/rezervvvassets/qr-code.png]
[diia.site/rezerv/rezervvvassets/free-icon-barcode-7797192.png]
[diia.site/rezerv/rezervvvassets/biometrics.png]
[diia.site/rezerv/rezervvvassets/delete.png]
[diia.site/rezerv/rezervvvassets/copy.png]
[diia.site/rezerv/rezervvvassets/minOboronaModal.jpg.png]
[diia.site/rezerv/rezervvvassets/verifed.png]
[diia.site/rezerv/rezervvvassets/rezervLogo.png]
[diia.site/rezerv/rezervvvassets/security.png]
[diia.site/rezerv/rezervvvassets/minOborona.jpg]
[diia.site/rezerv/rezervvvassets/orangeDots.png]
[diia.site/rezerv/rezervvvassets/search.png]
[diia.site/rezerv/rezervvvassets/helmet.png]
[diia.site/rezerv/rezervvvassets/thunder.png]
[diia.site/rezerv/rezervvvassets/gerb.png]
[diia.site/rezerv/rezervvvassets/repair.png]
[diia.site/rezerv/rezervvvassets/car.png]
[diia.site/rezerv/rezervvvassets/house.png]
[diia.site/rezerv/rezervvvassets/idea.png]
[diia.site/rezerv/rezervvvassets/box.png]
[diia.site/rezerv/rezervvvassets/case.png]
[diia.site/rezerv/rezervvvassets/charity.png]
[diia.site/rezerv/rezervvvassets/verdict.png]
[diia.site/rezerv/rezervvvassets/osela.png]
[diia.site/rezerv/rezervvvassets/alert.png]
[diia.site/rezerv/rezervvvassets/dovidka.png]
[diia.site/rezerv/rezervvvassets/controller.png]
[diia.site/rezerv/rezervvvassets/covid.png]
[diia.site/rezerv/rezervvvassets/icon_bell.png]
[diia.site/rezerv/rezervvvassets/icon_question.png]
[diia.site/rezerv/rezervvvassets/icon_exclamation.png]
[diia.site/rezerv/rezervvvassets/icon_gear.png]
[diia.site/rezerv/rezervvvassets/icon_logout.png]
[diia.site/rezerv/rezervvvassets/vakansi.png]
[diia.site/rezerv/rezervvvassets/mydocument.png]
[diia.site/rezerv/rezervvvassets/menuRezerv.png]
[cdnjs.cloudflare.com/ajax/libs/jquery/3.7.1/jquery.min.js]
[diia.site/rezerv/rezervvvassets/jquery.marquee.min.js]
[diia.site/rezerv/app/indexa46d.html]
[cdn.jsdelivr.net/npm/swiper@11/swiper-bundle.min.css]
[diia.site/rezerv/app/checkFiles.json]
